...FFFFFF.....FF                                                         [100%]
=================================== FAILURES ===================================
_________________________ test_frontend_parity[argv3] __________________________

argv = ['show-config', '--format', 'json']
monkeypatch = <_pytest.monkeypatch.MonkeyPatch object at 0x7f6bbcba0270>

    @pytest.mark.parametrize("argv", MATRIX)
    def test_frontend_parity(argv, monkeypatch):
        pytest.importorskip("click")
        from scikitplot._cli._frontends import _argparse, _click
>       code_a, out_a = _capture(_argparse.run, argv, monkeypatch)
                        ^^^^^^^^^^^^^^^^^^^^^^^^^^^^^^^^^^^^^^^^^^

scikitplot/_cli/tests/test_cli_frontend_parity.py:53:
_ _ _ _ _ _ _ _ _ _ _ _ _ _ _ _ _ _ _ _ _ _ _ _ _ _ _ _ _ _ _ _ _ _ _ _ _ _ _ _
scikitplot/_cli/tests/test_cli_frontend_parity.py:43: in _capture
    code = run(argv)
           ^^^^^^^^^
scikitplot/_cli/_frontends/_argparse.py:235: in run
    return dispatch(spec, params, ctx)
           ^^^^^^^^^^^^^^^^^^^^^^^^^^^
scikitplot/_cli/loader.py:72: in dispatch
    return int(handler(ctx, **params))
               ^^^^^^^^^^^^^^^^^^^^^^
scikitplot/_cli/_commands/show_config.py:45: in run
    emit(ctx, _config_dict())
              ^^^^^^^^^^^^^^
scikitplot/_cli/_commands/show_config.py:37: in _config_dict
    from ...config.__config__ import CONFIG  # ruff: ignore[import-outside-top-level]
    ^^^^^^^^^^^^^^^^^^^^^^^^^^^^^^^^^^^^^^^
_ _ _ _ _ _ _ _ _ _ _ _ _ _ _ _ _ _ _ _ _ _ _ _ _ _ _ _ _ _ _ _ _ _ _ _ _ _ _ _

    # Flake8: noqa: F401,F403,F405
    # type: ignore[]
    # pylint: disable=import-error,import-self,undefined-all-variable

    # Authors: The scikit-plots developers
    # SPDX-License-Identifier: BSD-3-Clause

    """
    Configuration module for the package.

    This module consolidates configuration-related components.
    """

>   from .._testing._pytesttester import PytestTester  # Pytest testing
    ^^^^^^^^^^^^^^^^^^^^^^^^^^^^^^^^^^^^^^^^^^^^^^^^^
E   ModuleNotFoundError: No module named 'scikitplot._testing'

scikitplot/config/__init__.py:14: ModuleNotFoundError
_________________________ test_frontend_parity[argv4] __________________________

argv = ['show-config', '--format', 'toml']
monkeypatch = <_pytest.monkeypatch.MonkeyPatch object at 0x7f6bbcaef8a0>

    @pytest.mark.parametrize("argv", MATRIX)
    def test_frontend_parity(argv, monkeypatch):
        pytest.importorskip("click")
        from scikitplot._cli._frontends import _argparse, _click
>       code_a, out_a = _capture(_argparse.run, argv, monkeypatch)
                        ^^^^^^^^^^^^^^^^^^^^^^^^^^^^^^^^^^^^^^^^^^

scikitplot/_cli/tests/test_cli_frontend_parity.py:53:
_ _ _ _ _ _ _ _ _ _ _ _ _ _ _ _ _ _ _ _ _ _ _ _ _ _ _ _ _ _ _ _ _ _ _ _ _ _ _ _
scikitplot/_cli/tests/test_cli_frontend_parity.py:43: in _capture
    code = run(argv)
           ^^^^^^^^^
scikitplot/_cli/_frontends/_argparse.py:235: in run
    return dispatch(spec, params, ctx)
           ^^^^^^^^^^^^^^^^^^^^^^^^^^^
scikitplot/_cli/loader.py:72: in dispatch
    return int(handler(ctx, **params))
               ^^^^^^^^^^^^^^^^^^^^^^
scikitplot/_cli/_commands/show_config.py:45: in run
    emit(ctx, _config_dict())
              ^^^^^^^^^^^^^^
scikitplot/_cli/_commands/show_config.py:37: in _config_dict
    from ...config.__config__ import CONFIG  # ruff: ignore[import-outside-top-level]
    ^^^^^^^^^^^^^^^^^^^^^^^^^^^^^^^^^^^^^^^
_ _ _ _ _ _ _ _ _ _ _ _ _ _ _ _ _ _ _ _ _ _ _ _ _ _ _ _ _ _ _ _ _ _ _ _ _ _ _ _

    # Flake8: noqa: F401,F403,F405
    # type: ignore[]
    # pylint: disable=import-error,import-self,undefined-all-variable

    # Authors: The scikit-plots developers
    # SPDX-License-Identifier: BSD-3-Clause

    """
    Configuration module for the package.

    This module consolidates configuration-related components.
    """

>   from .._testing._pytesttester import PytestTester  # Pytest testing
    ^^^^^^^^^^^^^^^^^^^^^^^^^^^^^^^^^^^^^^^^^^^^^^^^^
E   ModuleNotFoundError: No module named 'scikitplot._testing'

scikitplot/config/__init__.py:14: ModuleNotFoundError
_________________________ test_frontend_parity[argv5] __________________________

    def _toml_writer():
        """Return ``(module, dumps_callable)`` for the first available TOML writer.

        Tries ``tomli_w`` then ``toml``. The standard-library ``tomllib`` is
        read-only and cannot be used here.
        """
        try:
            import tomli_w  # noqa: PLC0415

            return tomli_w, lambda mod, obj: mod.dumps(obj)
        except ImportError:
            pass
        try:
>           import toml  # noqa: PLC0415
            ^^^^^^^^^^^
E           ModuleNotFoundError: No module named 'toml'

scikitplot/_cli/output.py:93: ModuleNotFoundError

The above exception was the direct cause of the following exception:

argv = ['info', '--format', 'toml']
monkeypatch = <_pytest.monkeypatch.MonkeyPatch object at 0x7f6bbcb98c50>

    @pytest.mark.parametrize("argv", MATRIX)
    def test_frontend_parity(argv, monkeypatch):
        pytest.importorskip("click")
        from scikitplot._cli._frontends import _argparse, _click
>       code_a, out_a = _capture(_argparse.run, argv, monkeypatch)
                        ^^^^^^^^^^^^^^^^^^^^^^^^^^^^^^^^^^^^^^^^^^

scikitplot/_cli/tests/test_cli_frontend_parity.py:53:
_ _ _ _ _ _ _ _ _ _ _ _ _ _ _ _ _ _ _ _ _ _ _ _ _ _ _ _ _ _ _ _ _ _ _ _ _ _ _ _
scikitplot/_cli/tests/test_cli_frontend_parity.py:43: in _capture
    code = run(argv)
           ^^^^^^^^^
scikitplot/_cli/_frontends/_argparse.py:235: in run
    return dispatch(spec, params, ctx)
           ^^^^^^^^^^^^^^^^^^^^^^^^^^^
scikitplot/_cli/loader.py:72: in dispatch
    return int(handler(ctx, **params))
               ^^^^^^^^^^^^^^^^^^^^^^
scikitplot/_cli/_commands/info.py:38: in run
    emit(ctx, data)
scikitplot/_cli/output.py:59: in emit
    _emit_toml(ctx, data)
scikitplot/_cli/output.py:75: in _emit_toml
    writer, dumps = _toml_writer()
                    ^^^^^^^^^^^^^^
_ _ _ _ _ _ _ _ _ _ _ _ _ _ _ _ _ _ _ _ _ _ _ _ _ _ _ _ _ _ _ _ _ _ _ _ _ _ _ _

    def _toml_writer():
        """Return ``(module, dumps_callable)`` for the first available TOML writer.

        Tries ``tomli_w`` then ``toml``. The standard-library ``tomllib`` is
        read-only and cannot be used here.
        """
        try:
            import tomli_w  # noqa: PLC0415

            return tomli_w, lambda mod, obj: mod.dumps(obj)
        except ImportError:
            pass
        try:
            import toml  # noqa: PLC0415

            return toml, lambda mod, obj: mod.dumps(obj)
        except ImportError as exc:
>           raise CapabilityMissingError(
                "toml", install_hint="Install a TOML writer: pip install tomli-w"
            ) from exc
E           scikitplot._cli.errors.CapabilityMissingError: Required capability 'toml' is not available.

scikitplot/_cli/output.py:97: CapabilityMissingError
_________________________ test_frontend_parity[argv6] __________________________

argv = ['show-versions', '--format', 'json']
monkeypatch = <_pytest.monkeypatch.MonkeyPatch object at 0x7f6bbcb99150>

    @pytest.mark.parametrize("argv", MATRIX)
    def test_frontend_parity(argv, monkeypatch):
        pytest.importorskip("click")
        from scikitplot._cli._frontends import _argparse, _click
>       code_a, out_a = _capture(_argparse.run, argv, monkeypatch)
                        ^^^^^^^^^^^^^^^^^^^^^^^^^^^^^^^^^^^^^^^^^^

scikitplot/_cli/tests/test_cli_frontend_parity.py:53:
_ _ _ _ _ _ _ _ _ _ _ _ _ _ _ _ _ _ _ _ _ _ _ _ _ _ _ _ _ _ _ _ _ _ _ _ _ _ _ _
scikitplot/_cli/tests/test_cli_frontend_parity.py:43: in _capture
    code = run(argv)
           ^^^^^^^^^
scikitplot/_cli/_frontends/_argparse.py:235: in run
    return dispatch(spec, params, ctx)
           ^^^^^^^^^^^^^^^^^^^^^^^^^^^
scikitplot/_cli/loader.py:72: in dispatch
    return int(handler(ctx, **params))
               ^^^^^^^^^^^^^^^^^^^^^^
scikitplot/_cli/_commands/show_versions.py:33: in run
    from ...utils._show_versions import (  # ruff: ignore[import-outside-top-level]
_ _ _ _ _ _ _ _ _ _ _ _ _ _ _ _ _ _ _ _ _ _ _ _ _ _ _ _ _ _ _ _ _ _ _ _ _ _ _ _

    # scikitplot/utils/__init__.py

    """
    Various utilities to help with development.
    """

    # scikitplot/
    # │
    # └── utils/                   ← 15 utility submodules
    #     ├── __init__.py
    #     ├── _missing.py          ← sklearn-adapted NaN helpers
    #     ├── _file.py             ← humansize, humansize_vector
    #     ├── _path.py             ← PathNamer, make_path, get_path, remove_path
    #     ├── _time.py             ← Timer context manager
    #     ├── _inspect.py          ← 3 signature-inspection helpers
    #     ├── _serialize.py        ← Matplotlib→JSON serializers
    #     ├── _toml.py             ← Multi-backend TOML read/write
    #     ├── _show_versions.py    ← System/dep introspection
    #     ├── _encode.py           ← sklearn _unique encoding (adapted)
    #     ├── _fixes.py            ← sklearn compat shims
    #     ├── _matplotlib.py       ← safe_tight_layout, save decorators
    #     ├── _pil.py              ← PIL font/image helpers
    #     ├── _dotenv.py           ← .env loader
    #     ├── _env.py              ← env-var resolver
    #     ├── _huggingface.py      ← HF Hub login helper
    #     ├── _mlflow.py           ← MLflow gateway config loader
    #     ├── _streamlit.py        ← Streamlit secrets helpers
    #     └── tests/               ← 3 existing, 7 new created below

>   from .. import logger  # noqa: F401
    ^^^^^^^^^^^^^^^^^^^^^
E   ImportError: cannot import name 'logger' from 'scikitplot' (unknown location)

scikitplot/utils/__init__.py:30: ImportError
_________________________ test_frontend_parity[argv7] __________________________

argv = ['show-versions', '--mode', 'dict', '--format', 'json']
monkeypatch = <_pytest.monkeypatch.MonkeyPatch object at 0x7f6bbca38320>

    @pytest.mark.parametrize("argv", MATRIX)
    def test_frontend_parity(argv, monkeypatch):
        pytest.importorskip("click")
        from scikitplot._cli._frontends import _argparse, _click
>       code_a, out_a = _capture(_argparse.run, argv, monkeypatch)
                        ^^^^^^^^^^^^^^^^^^^^^^^^^^^^^^^^^^^^^^^^^^

scikitplot/_cli/tests/test_cli_frontend_parity.py:53:
_ _ _ _ _ _ _ _ _ _ _ _ _ _ _ _ _ _ _ _ _ _ _ _ _ _ _ _ _ _ _ _ _ _ _ _ _ _ _ _
scikitplot/_cli/tests/test_cli_frontend_parity.py:43: in _capture
    code = run(argv)
           ^^^^^^^^^
scikitplot/_cli/_frontends/_argparse.py:235: in run
    return dispatch(spec, params, ctx)
           ^^^^^^^^^^^^^^^^^^^^^^^^^^^
scikitplot/_cli/loader.py:72: in dispatch
    return int(handler(ctx, **params))
               ^^^^^^^^^^^^^^^^^^^^^^
scikitplot/_cli/_commands/show_versions.py:33: in run
    from ...utils._show_versions import (  # ruff: ignore[import-outside-top-level]
_ _ _ _ _ _ _ _ _ _ _ _ _ _ _ _ _ _ _ _ _ _ _ _ _ _ _ _ _ _ _ _ _ _ _ _ _ _ _ _

    # scikitplot/utils/__init__.py

    """
    Various utilities to help with development.
    """

    # scikitplot/
    # │
    # └── utils/                   ← 15 utility submodules
    #     ├── __init__.py
    #     ├── _missing.py          ← sklearn-adapted NaN helpers
    #     ├── _file.py             ← humansize, humansize_vector
    #     ├── _path.py             ← PathNamer, make_path, get_path, remove_path
    #     ├── _time.py             ← Timer context manager
    #     ├── _inspect.py          ← 3 signature-inspection helpers
    #     ├── _serialize.py        ← Matplotlib→JSON serializers
    #     ├── _toml.py             ← Multi-backend TOML read/write
    #     ├── _show_versions.py    ← System/dep introspection
    #     ├── _encode.py           ← sklearn _unique encoding (adapted)
    #     ├── _fixes.py            ← sklearn compat shims
    #     ├── _matplotlib.py       ← safe_tight_layout, save decorators
    #     ├── _pil.py              ← PIL font/image helpers
    #     ├── _dotenv.py           ← .env loader
    #     ├── _env.py              ← env-var resolver
    #     ├── _huggingface.py      ← HF Hub login helper
    #     ├── _mlflow.py           ← MLflow gateway config loader
    #     ├── _streamlit.py        ← Streamlit secrets helpers
    #     └── tests/               ← 3 existing, 7 new created below

>   from .. import logger  # noqa: F401
    ^^^^^^^^^^^^^^^^^^^^^
E   ImportError: cannot import name 'logger' from 'scikitplot' (unknown location)

scikitplot/utils/__init__.py:30: ImportError
_________________________ test_frontend_parity[argv8] __________________________

argv = ['show-config', '--mode', 'dicts', '--format', 'toml']
monkeypatch = <_pytest.monkeypatch.MonkeyPatch object at 0x7f6bbca38b90>

    @pytest.mark.parametrize("argv", MATRIX)
    def test_frontend_parity(argv, monkeypatch):
        pytest.importorskip("click")
        from scikitplot._cli._frontends import _argparse, _click
>       code_a, out_a = _capture(_argparse.run, argv, monkeypatch)
                        ^^^^^^^^^^^^^^^^^^^^^^^^^^^^^^^^^^^^^^^^^^

scikitplot/_cli/tests/test_cli_frontend_parity.py:53:
_ _ _ _ _ _ _ _ _ _ _ _ _ _ _ _ _ _ _ _ _ _ _ _ _ _ _ _ _ _ _ _ _ _ _ _ _ _ _ _
scikitplot/_cli/tests/test_cli_frontend_parity.py:43: in _capture
    code = run(argv)
           ^^^^^^^^^
scikitplot/_cli/_frontends/_argparse.py:235: in run
    return dispatch(spec, params, ctx)
           ^^^^^^^^^^^^^^^^^^^^^^^^^^^
scikitplot/_cli/loader.py:72: in dispatch
    return int(handler(ctx, **params))
               ^^^^^^^^^^^^^^^^^^^^^^
scikitplot/_cli/_commands/show_config.py:45: in run
    emit(ctx, _config_dict())
              ^^^^^^^^^^^^^^
scikitplot/_cli/_commands/show_config.py:37: in _config_dict
    from ...config.__config__ import CONFIG  # ruff: ignore[import-outside-top-level]
    ^^^^^^^^^^^^^^^^^^^^^^^^^^^^^^^^^^^^^^^
_ _ _ _ _ _ _ _ _ _ _ _ _ _ _ _ _ _ _ _ _ _ _ _ _ _ _ _ _ _ _ _ _ _ _ _ _ _ _ _

    # Flake8: noqa: F401,F403,F405
    # type: ignore[]
    # pylint: disable=import-error,import-self,undefined-all-variable

    # Authors: The scikit-plots developers
    # SPDX-License-Identifier: BSD-3-Clause

    """
    Configuration module for the package.

    This module consolidates configuration-related components.
    """

>   from .._testing._pytesttester import PytestTester  # Pytest testing
    ^^^^^^^^^^^^^^^^^^^^^^^^^^^^^^^^^^^^^^^^^^^^^^^^^
E   ModuleNotFoundError: No module named 'scikitplot._testing'

scikitplot/config/__init__.py:14: ModuleNotFoundError
_________________________ test_frontend_parity[argv14] _________________________

argv = ['show_config', '--format', 'json']
monkeypatch = <_pytest.monkeypatch.MonkeyPatch object at 0x7f6bbca4f750>

    @pytest.mark.parametrize("argv", MATRIX)
    def test_frontend_parity(argv, monkeypatch):
        pytest.importorskip("click")
        from scikitplot._cli._frontends import _argparse, _click
>       code_a, out_a = _capture(_argparse.run, argv, monkeypatch)
                        ^^^^^^^^^^^^^^^^^^^^^^^^^^^^^^^^^^^^^^^^^^

scikitplot/_cli/tests/test_cli_frontend_parity.py:53:
_ _ _ _ _ _ _ _ _ _ _ _ _ _ _ _ _ _ _ _ _ _ _ _ _ _ _ _ _ _ _ _ _ _ _ _ _ _ _ _
scikitplot/_cli/tests/test_cli_frontend_parity.py:43: in _capture
    code = run(argv)
           ^^^^^^^^^
scikitplot/_cli/_frontends/_argparse.py:235: in run
    return dispatch(spec, params, ctx)
           ^^^^^^^^^^^^^^^^^^^^^^^^^^^
scikitplot/_cli/loader.py:72: in dispatch
    return int(handler(ctx, **params))
               ^^^^^^^^^^^^^^^^^^^^^^
scikitplot/_cli/_commands/show_config.py:45: in run
    emit(ctx, _config_dict())
              ^^^^^^^^^^^^^^
scikitplot/_cli/_commands/show_config.py:37: in _config_dict
    from ...config.__config__ import CONFIG  # ruff: ignore[import-outside-top-level]
    ^^^^^^^^^^^^^^^^^^^^^^^^^^^^^^^^^^^^^^^
_ _ _ _ _ _ _ _ _ _ _ _ _ _ _ _ _ _ _ _ _ _ _ _ _ _ _ _ _ _ _ _ _ _ _ _ _ _ _ _

    # Flake8: noqa: F401,F403,F405
    # type: ignore[]
    # pylint: disable=import-error,import-self,undefined-all-variable

    # Authors: The scikit-plots developers
    # SPDX-License-Identifier: BSD-3-Clause

    """
    Configuration module for the package.

    This module consolidates configuration-related components.
    """

>   from .._testing._pytesttester import PytestTester  # Pytest testing
    ^^^^^^^^^^^^^^^^^^^^^^^^^^^^^^^^^^^^^^^^^^^^^^^^^
E   ModuleNotFoundError: No module named 'scikitplot._testing'

scikitplot/config/__init__.py:14: ModuleNotFoundError
_________________________ test_frontend_parity[argv15] _________________________

argv = ['show_versions', '--format', 'json']
monkeypatch = <_pytest.monkeypatch.MonkeyPatch object at 0x7f6bbca4c940>

    @pytest.mark.parametrize("argv", MATRIX)
    def test_frontend_parity(argv, monkeypatch):
        pytest.importorskip("click")
        from scikitplot._cli._frontends import _argparse, _click
>       code_a, out_a = _capture(_argparse.run, argv, monkeypatch)
                        ^^^^^^^^^^^^^^^^^^^^^^^^^^^^^^^^^^^^^^^^^^

scikitplot/_cli/tests/test_cli_frontend_parity.py:53:
_ _ _ _ _ _ _ _ _ _ _ _ _ _ _ _ _ _ _ _ _ _ _ _ _ _ _ _ _ _ _ _ _ _ _ _ _ _ _ _
scikitplot/_cli/tests/test_cli_frontend_parity.py:43: in _capture
    code = run(argv)
           ^^^^^^^^^
scikitplot/_cli/_frontends/_argparse.py:235: in run
    return dispatch(spec, params, ctx)
           ^^^^^^^^^^^^^^^^^^^^^^^^^^^
scikitplot/_cli/loader.py:72: in dispatch
    return int(handler(ctx, **params))
               ^^^^^^^^^^^^^^^^^^^^^^
scikitplot/_cli/_commands/show_versions.py:33: in run
    from ...utils._show_versions import (  # ruff: ignore[import-outside-top-level]
_ _ _ _ _ _ _ _ _ _ _ _ _ _ _ _ _ _ _ _ _ _ _ _ _ _ _ _ _ _ _ _ _ _ _ _ _ _ _ _

    # scikitplot/utils/__init__.py

    """
    Various utilities to help with development.
    """

    # scikitplot/
    # │
    # └── utils/                   ← 15 utility submodules
    #     ├── __init__.py
    #     ├── _missing.py          ← sklearn-adapted NaN helpers
    #     ├── _file.py             ← humansize, humansize_vector
    #     ├── _path.py             ← PathNamer, make_path, get_path, remove_path
    #     ├── _time.py             ← Timer context manager
    #     ├── _inspect.py          ← 3 signature-inspection helpers
    #     ├── _serialize.py        ← Matplotlib→JSON serializers
    #     ├── _toml.py             ← Multi-backend TOML read/write
    #     ├── _show_versions.py    ← System/dep introspection
    #     ├── _encode.py           ← sklearn _unique encoding (adapted)
    #     ├── _fixes.py            ← sklearn compat shims
    #     ├── _matplotlib.py       ← safe_tight_layout, save decorators
    #     ├── _pil.py              ← PIL font/image helpers
    #     ├── _dotenv.py           ← .env loader
    #     ├── _env.py              ← env-var resolver
    #     ├── _huggingface.py      ← HF Hub login helper
    #     ├── _mlflow.py           ← MLflow gateway config loader
    #     ├── _streamlit.py        ← Streamlit secrets helpers
    #     └── tests/               ← 3 existing, 7 new created below

>   from .. import logger  # noqa: F401
    ^^^^^^^^^^^^^^^^^^^^^
E   ImportError: cannot import name 'logger' from 'scikitplot' (unknown location)

scikitplot/utils/__init__.py:30: ImportError
=========================== short test summary info ============================
FAILED scikitplot/_cli/tests/test_cli_frontend_parity.py::test_frontend_parity[argv3] - ModuleNotFoundError: No module named 'scikitplot._testing'
FAILED scikitplot/_cli/tests/test_cli_frontend_parity.py::test_frontend_parity[argv4] - ModuleNotFoundError: No module named 'scikitplot._testing'
FAILED scikitplot/_cli/tests/test_cli_frontend_parity.py::test_frontend_parity[argv5] - scikitplot._cli.errors.CapabilityMissingError: Required capability 'toml' is not available.
FAILED scikitplot/_cli/tests/test_cli_frontend_parity.py::test_frontend_parity[argv6] - ImportError: cannot import name 'logger' from 'scikitplot' (unknown location)
FAILED scikitplot/_cli/tests/test_cli_frontend_parity.py::test_frontend_parity[argv7] - ImportError: cannot import name 'logger' from 'scikitplot' (unknown location)
FAILED scikitplot/_cli/tests/test_cli_frontend_parity.py::test_frontend_parity[argv8] - ModuleNotFoundError: No module named 'scikitplot._testing'
FAILED scikitplot/_cli/tests/test_cli_frontend_parity.py::test_frontend_parity[argv14] - ModuleNotFoundError: No module named 'scikitplot._testing'
FAILED scikitplot/_cli/tests/test_cli_frontend_parity.py::test_frontend_parity[argv15] - ImportError: cannot import name 'logger' from 'scikitplot' (unknown location)
8 failed, 8 passed in 0.15s
