PUBLIC scikitplot.logging /mnt/data/logging_review_new/scikitplot/logging/__init__.py
CORE scikitplot.logging._logging /mnt/data/logging_review_new/scikitplot/logging/_logging.py
PUBLIC_ALL_MATCH True
PUBLIC_STDLIB_FALLBACK FAIL AttributeError module 'scikitplot.logging' has no attribute 'getLevelName'
THREAD_SINGLETON unique_ids= 1 errors= [] handlers= 1
ERROR_LOG ''
ENV_LEVEL 0
STREAM_SWITCH True False
GETATTR_HANDLERS 1
CALLER ('(unknown file)', 0, '(unknown function)', 'direct')
CLI_HANDLER_COUNTS 1 2
UNKNOWN_FORMATTER None
Spreadsheet runtime warmup failed during python startup
Traceback (most recent call last):
  File "/tmp/tmp.L2TH2Y5coc/artifact_tool_v2-2.8.22/artifact_tool/patches/warm_spreadsheet_runtime_on_startup.py", line 26, in warm_spreadsheet_runtime_on_startup
  File "/tmp/tmp.L2TH2Y5coc/artifact_tool_v2-2.8.22/artifact_tool/spreadsheet_warmup.py", line 785, in warm_spreadsheet_runtime
  File "/tmp/tmp.L2TH2Y5coc/artifact_tool_v2-2.8.22/artifact_tool/spreadsheet_warmup.py", line 720, in _warm_feature_flows
  File "/tmp/tmp.L2TH2Y5coc/artifact_tool_v2-2.8.22/artifact_tool/spreadsheet_warmup.py", line 704, in _warm_collaboration_flows
  File "/tmp/tmp.L2TH2Y5coc/artifact_tool_v2-2.8.22/artifact_tool/generated/interface/models.py", line 32317, in hydrate_crdt_from_proto
  File "/tmp/tmp.L2TH2Y5coc/artifact_tool_v2-2.8.22/artifact_tool/rpc/remote.py", line 749, in __call__
  File "/tmp/tmp.L2TH2Y5coc/artifact_tool_v2-2.8.22/artifact_tool/rpc/client.py", line 150, in call
artifact_tool.rpc.client.RemoteError: hydrateCrdtFromProto requires an empty collaborative document.
