# round 25, 2026-10-10. Tree: the final round-25 package, frozen copy identical to the work tree (diff -rq).

## no optional tier
$ python -B .../probe_gallery.py
    },
    {
      "leftover_files": 0,
      "ok": true,
      "script": "plot_cleanprompt_recipes_script.py",
      "skips": 0,
      "status": 0,
      "stdout_lines": 223,
      "unreserved_values": 0
    }
  ],
  "scripts": 9
}
EXIT=0

## every tier (the sandbox hides NLTK data: moderate reports a remedy-bearing SKIP for nltk/both)
$ python -B .../probe_gallery.py
    },
    {
      "leftover_files": 0,
      "ok": true,
      "script": "plot_cleanprompt_recipes_script.py",
      "skips": 0,
      "status": 0,
      "stdout_lines": 223,
      "unreserved_values": 0
    }
  ],
  "scripts": 9
}
EXIT=0
