# round 25, 2026-10-10. Tree: the final round-25 package, frozen copy identical to the work tree (diff -rq).

## run 1
$ python -B -m pytest scikitplot/cleanprompt/tests -q -p no:cacheprovider (stand-in parent, filterwarnings=error)
2654 passed, 88 skipped in 54.18s
EXIT=0

## run 2
$ python -B -m pytest scikitplot/cleanprompt/tests -q -p no:cacheprovider (stand-in parent, filterwarnings=error)
2654 passed, 88 skipped in 51.68s
EXIT=0

## run 3
$ python -B -m pytest scikitplot/cleanprompt/tests -q -p no:cacheprovider (stand-in parent, filterwarnings=error)
2654 passed, 88 skipped in 52.82s
EXIT=0

## shuffled module order, seed 11
$ python -B -m pytest <test files in random.Random(seed) order> -q
2654 passed, 88 skipped in 52.49s
EXIT=0

## shuffled module order, seed 29
$ python -B -m pytest <test files in random.Random(seed) order> -q
2654 passed, 88 skipped in 57.90s
EXIT=0
